../Core/Src/main.c:147:5:main	144	dynamic
../Core/Src/main.c:274:6:SystemClock_Config	136	static
../Core/Src/main.c:323:13:MX_ADC_Init	16	static
../Core/Src/main.c:379:13:MX_SPI1_Init	8	static
../Core/Src/main.c:417:13:MX_USART2_UART_Init	8	static
../Core/Src/main.c:452:13:MX_GPIO_Init	56	static
../Core/Src/main.c:492:6:osc_write_to_register	32	static
../Core/Src/main.c:509:6:osc_read_register	40	static
../Core/Src/main.c:532:6:osc_init	8	static
../Core/Src/main.c:557:6:osc_set_frequency_4MHz	40	static
../Core/Src/main.c:578:6:osc_set_frequency_0p5MHz	64	static
../Core/Src/main.c:617:6:osc_print_register_contents	8	static
../Core/Src/main.c:640:10:ADC_output	8	static
../Core/Src/main.c:654:7:ADC_voltage	24	static
../Core/Src/main.c:665:6:ADC_print_output	32	static
../Core/Src/main.c:676:6:ADC_print_sweep	64	static
../Core/Src/main.c:704:6:Error_Handler	8	static,ignoring_inline_asm
