../Core/Src/main.c:147:5:main	144	dynamic
../Core/Src/main.c:273:6:SystemClock_Config	136	static
../Core/Src/main.c:322:13:MX_ADC_Init	16	static
../Core/Src/main.c:378:13:MX_SPI1_Init	8	static
../Core/Src/main.c:416:13:MX_USART2_UART_Init	8	static
../Core/Src/main.c:451:13:MX_GPIO_Init	56	static
../Core/Src/main.c:491:6:osc_write_to_register	32	static
../Core/Src/main.c:508:6:osc_read_register	40	static
../Core/Src/main.c:531:6:osc_init	8	static
../Core/Src/main.c:556:6:osc_set_frequency_4MHz	40	static
../Core/Src/main.c:577:6:osc_set_frequency_0p5MHz	64	static
../Core/Src/main.c:616:6:osc_print_register_contents	8	static
../Core/Src/main.c:639:10:ADC_output	8	static
../Core/Src/main.c:653:7:ADC_voltage	24	static
../Core/Src/main.c:664:6:ADC_print_output	32	static
../Core/Src/main.c:675:6:ADC_print_sweep	64	static
../Core/Src/main.c:703:6:Error_Handler	8	static,ignoring_inline_asm
